SOURCE VERIFICATION
PASS: 69 files at cc0a4b9f36e65470d514f254a3c5cffa463fbd94

UNIT TESTS
test_contract_amendment_schema_and_disclosure (test_auditlib.ContractTests.test_contract_amendment_schema_and_disclosure) ... ok
test_contract_freeze_hashes (test_auditlib.ContractTests.test_contract_freeze_hashes) ... ok
test_between_localized_label (test_auditlib.DecisionRuleTests.test_between_localized_label) ... ok
test_duplicate_localized_label (test_auditlib.DecisionRuleTests.test_duplicate_localized_label) ... ok
test_proportional_label (test_auditlib.DecisionRuleTests.test_proportional_label) ... ok
test_exact_string_grouping (test_auditlib.GroupDesignTests.test_exact_string_grouping) ... ok
test_partition_closure_and_degrees_of_freedom (test_auditlib.NestedGlSTests.test_partition_closure_and_degrees_of_freedom) ... ok
test_reference_solver_agreement (test_auditlib.NestedGlSTests.test_reference_solver_agreement) ... ok
test_simultaneous_permutation_invariance (test_auditlib.NestedGlSTests.test_simultaneous_permutation_invariance) ... ok
test_clean_reproduction_separates_semantic_and_byte_equality (test_auditlib.ReproducibilityInterfaceTests.test_clean_reproduction_separates_semantic_and_byte_equality) ... ok
test_default_verifier_is_read_only (test_auditlib.ReproducibilityInterfaceTests.test_default_verifier_is_read_only) ... ok
test_manifest_mismatch_is_detected_without_repair (test_auditlib.ReproducibilityInterfaceTests.test_manifest_mismatch_is_detected_without_repair) ... ok
test_record_result_writer_changes_only_authorized_files (test_auditlib.ReproducibilityInterfaceTests.test_record_result_writer_changes_only_authorized_files) ... ok

----------------------------------------------------------------------
Ran 13 tests in 0.203s

OK

AUDIT
{
  "status": "AUDIT_COMPLETE_LOW_CHI2_LOCALIZED_TO_DUPLICATE_NAME_CONTRASTS"
}

CLOSURE RECORD VERIFICATION
{
  "check_count": 43,
  "checks": [
    {
      "check_id": "required_result:EXECUTION_STATUS.json",
      "detail": "EXECUTION_STATUS.json",
      "status": "PASS"
    },
    {
      "check_id": "required_result:audit_summary.json",
      "detail": "audit_summary.json",
      "status": "PASS"
    },
    {
      "check_id": "required_result:baseline_reproduction.json",
      "detail": "baseline_reproduction.json",
      "status": "PASS"
    },
    {
      "check_id": "required_result:clean_reproduction_summary.json",
      "detail": "clean_reproduction_summary.json",
      "status": "PASS"
    },
    {
      "check_id": "required_result:contract_verification.json",
      "detail": "contract_verification.json",
      "status": "PASS"
    },
    {
      "check_id": "required_result:input_inventory.json",
      "detail": "input_inventory.json",
      "status": "PASS"
    },
    {
      "check_id": "required_result:monte_carlo_null_check.json",
      "detail": "monte_carlo_null_check.json",
      "status": "PASS"
    },
    {
      "check_id": "required_result:numerical_crosschecks.json",
      "detail": "numerical_crosschecks.json",
      "status": "PASS"
    },
    {
      "check_id": "required_result:permutation_invariance_summary.json",
      "detail": "permutation_invariance_summary.json",
      "status": "PASS"
    },
    {
      "check_id": "required_result:primary_partition.json",
      "detail": "primary_partition.json",
      "status": "PASS"
    },
    {
      "check_id": "required_result:reference_partition.json",
      "detail": "reference_partition.json",
      "status": "PASS"
    },
    {
      "check_id": "required_result:run_environment.json",
      "detail": "run_environment.json",
      "status": "PASS"
    },
    {
      "check_id": "required_result:source_verification.json",
      "detail": "source_verification.json",
      "status": "PASS"
    },
    {
      "check_id": "required_result:statistical_interpretation.json",
      "detail": "statistical_interpretation.json",
      "status": "PASS"
    },
    {
      "check_id": "FROZEN_CONTRACT_INTEGRITY",
      "detail": "4 frozen records; 1 disclosed amendment",
      "status": "PASS"
    },
    {
      "check_id": "CONTRACT_AMENDMENT",
      "detail": "AMEND-001; results_observed=YES; interpretation_affected=NO",
      "status": "PASS"
    },
    {
      "check_id": "formal_status",
      "detail": "AUDIT_COMPLETE_LOW_CHI2_LOCALIZED_TO_DUPLICATE_NAME_CONTRASTS",
      "status": "PASS"
    },
    {
      "check_id": "boundary_marker",
      "detail": "FROZEN_MODEL_ONLY_NO_COVARIANCE_CORRECTION_NO_CORRECTED_H0_NO_TENSION_RESOLUTION",
      "status": "PASS"
    },
    {
      "check_id": "SOURCE_LOCK",
      "detail": "69/69 locked files",
      "status": "PASS"
    },
    {
      "check_id": "TERMINOLOGY_COUNTS",
      "detail": "277 total; 238 groups; 30 multi-row groups; 69 rows; 39 contrast df",
      "status": "PASS"
    },
    {
      "check_id": "input_inventory",
      "detail": "canonical count fields and all frozen input checks PASS",
      "status": "PASS"
    },
    {
      "check_id": "baseline_reproduction",
      "detail": "4 comparisons",
      "status": "PASS"
    },
    {
      "check_id": "degrees_of_freedom",
      "detail": "276=39+237",
      "status": "PASS"
    },
    {
      "check_id": "partition_closure",
      "detail": "absolute residual 2.177e-11",
      "status": "PASS"
    },
    {
      "check_id": "independent_solver",
      "detail": "maximum absolute difference 2.188e-11",
      "status": "PASS"
    },
    {
      "check_id": "permutations",
      "detail": "32 permutations; max 2.328e-10",
      "status": "PASS"
    },
    {
      "check_id": "monte_carlo",
      "detail": "20000 implementation-check draws",
      "status": "PASS"
    },
    {
      "check_id": "SCIENCE_LOCK",
      "detail": "fixed chi-square, df, Beta probabilities, class, and boundary",
      "status": "PASS"
    },
    {
      "check_id": "decision_rule_recomputation",
      "detail": "lower=9.36836223228e-05; upper=0.999906316378",
      "status": "PASS"
    },
    {
      "check_id": "NO_MISLEADING_39_ROWS",
      "detail": "none",
      "status": "PASS"
    },
    {
      "check_id": "INTERNAL_FREEZE_WORDING",
      "detail": "project-internal pre-result hash freeze; no external registration claim",
      "status": "PASS"
    },
    {
      "check_id": "report_status:README.md",
      "detail": "README.md",
      "status": "PASS"
    },
    {
      "check_id": "report_boundary:README.md",
      "detail": "README.md",
      "status": "PASS"
    },
    {
      "check_id": "report_status:REPORT.md",
      "detail": "REPORT.md",
      "status": "PASS"
    },
    {
      "check_id": "report_boundary:REPORT.md",
      "detail": "REPORT.md",
      "status": "PASS"
    },
    {
      "check_id": "report_status:REPORT_JA.md",
      "detail": "REPORT_JA.md",
      "status": "PASS"
    },
    {
      "check_id": "report_boundary:REPORT_JA.md",
      "detail": "REPORT_JA.md",
      "status": "PASS"
    },
    {
      "check_id": "CLEAN_REPRO_SCHEMA",
      "detail": "semantic=True; bytes=True",
      "status": "PASS"
    },
    {
      "check_id": "upstream_bytes_not_redistributed",
      "detail": "public inputs remain separately distributed",
      "status": "PASS"
    },
    {
      "check_id": "no_symlinks",
      "detail": "none",
      "status": "PASS"
    },
    {
      "check_id": "UNIT_TESTS",
      "detail": "13/13 PASS",
      "status": "PASS"
    },
    {
      "check_id": "RECORD_MODE_SCOPE",
      "detail": "regression test covers the two authorized closure-record files",
      "status": "PASS"
    },
    {
      "check_id": "execution_stderr",
      "detail": "empty",
      "status": "PASS"
    }
  ],
  "fail_count": 0,
  "manifest_checked": false,
  "pass_count": 43,
  "scientific_status": "AUDIT_COMPLETE_LOW_CHI2_LOCALIZED_TO_DUPLICATE_NAME_CONTRASTS",
  "status": "PASS",
  "verification_scope": "CLOSURE_RECORD_PRE_MANIFEST"
}

MANIFEST GENERATION
WROTE: 51 manifested files

READ-ONLY LIVE VERIFICATION
{
  "check_count": 47,
  "checks": [
    {
      "check_id": "required_result:EXECUTION_STATUS.json",
      "detail": "EXECUTION_STATUS.json",
      "status": "PASS"
    },
    {
      "check_id": "required_result:audit_summary.json",
      "detail": "audit_summary.json",
      "status": "PASS"
    },
    {
      "check_id": "required_result:baseline_reproduction.json",
      "detail": "baseline_reproduction.json",
      "status": "PASS"
    },
    {
      "check_id": "required_result:clean_reproduction_summary.json",
      "detail": "clean_reproduction_summary.json",
      "status": "PASS"
    },
    {
      "check_id": "required_result:contract_verification.json",
      "detail": "contract_verification.json",
      "status": "PASS"
    },
    {
      "check_id": "required_result:input_inventory.json",
      "detail": "input_inventory.json",
      "status": "PASS"
    },
    {
      "check_id": "required_result:monte_carlo_null_check.json",
      "detail": "monte_carlo_null_check.json",
      "status": "PASS"
    },
    {
      "check_id": "required_result:numerical_crosschecks.json",
      "detail": "numerical_crosschecks.json",
      "status": "PASS"
    },
    {
      "check_id": "required_result:permutation_invariance_summary.json",
      "detail": "permutation_invariance_summary.json",
      "status": "PASS"
    },
    {
      "check_id": "required_result:primary_partition.json",
      "detail": "primary_partition.json",
      "status": "PASS"
    },
    {
      "check_id": "required_result:reference_partition.json",
      "detail": "reference_partition.json",
      "status": "PASS"
    },
    {
      "check_id": "required_result:run_environment.json",
      "detail": "run_environment.json",
      "status": "PASS"
    },
    {
      "check_id": "required_result:source_verification.json",
      "detail": "source_verification.json",
      "status": "PASS"
    },
    {
      "check_id": "required_result:statistical_interpretation.json",
      "detail": "statistical_interpretation.json",
      "status": "PASS"
    },
    {
      "check_id": "FROZEN_CONTRACT_INTEGRITY",
      "detail": "4 frozen records; 1 disclosed amendment",
      "status": "PASS"
    },
    {
      "check_id": "CONTRACT_AMENDMENT",
      "detail": "AMEND-001; results_observed=YES; interpretation_affected=NO",
      "status": "PASS"
    },
    {
      "check_id": "formal_status",
      "detail": "AUDIT_COMPLETE_LOW_CHI2_LOCALIZED_TO_DUPLICATE_NAME_CONTRASTS",
      "status": "PASS"
    },
    {
      "check_id": "boundary_marker",
      "detail": "FROZEN_MODEL_ONLY_NO_COVARIANCE_CORRECTION_NO_CORRECTED_H0_NO_TENSION_RESOLUTION",
      "status": "PASS"
    },
    {
      "check_id": "SOURCE_LOCK",
      "detail": "69/69 locked files",
      "status": "PASS"
    },
    {
      "check_id": "TERMINOLOGY_COUNTS",
      "detail": "277 total; 238 groups; 30 multi-row groups; 69 rows; 39 contrast df",
      "status": "PASS"
    },
    {
      "check_id": "input_inventory",
      "detail": "canonical count fields and all frozen input checks PASS",
      "status": "PASS"
    },
    {
      "check_id": "baseline_reproduction",
      "detail": "4 comparisons",
      "status": "PASS"
    },
    {
      "check_id": "degrees_of_freedom",
      "detail": "276=39+237",
      "status": "PASS"
    },
    {
      "check_id": "partition_closure",
      "detail": "absolute residual 2.177e-11",
      "status": "PASS"
    },
    {
      "check_id": "independent_solver",
      "detail": "maximum absolute difference 2.188e-11",
      "status": "PASS"
    },
    {
      "check_id": "permutations",
      "detail": "32 permutations; max 2.328e-10",
      "status": "PASS"
    },
    {
      "check_id": "monte_carlo",
      "detail": "20000 implementation-check draws",
      "status": "PASS"
    },
    {
      "check_id": "SCIENCE_LOCK",
      "detail": "fixed chi-square, df, Beta probabilities, class, and boundary",
      "status": "PASS"
    },
    {
      "check_id": "decision_rule_recomputation",
      "detail": "lower=9.36836223228e-05; upper=0.999906316378",
      "status": "PASS"
    },
    {
      "check_id": "NO_MISLEADING_39_ROWS",
      "detail": "none",
      "status": "PASS"
    },
    {
      "check_id": "INTERNAL_FREEZE_WORDING",
      "detail": "project-internal pre-result hash freeze; no external registration claim",
      "status": "PASS"
    },
    {
      "check_id": "report_status:README.md",
      "detail": "README.md",
      "status": "PASS"
    },
    {
      "check_id": "report_boundary:README.md",
      "detail": "README.md",
      "status": "PASS"
    },
    {
      "check_id": "report_status:REPORT.md",
      "detail": "REPORT.md",
      "status": "PASS"
    },
    {
      "check_id": "report_boundary:REPORT.md",
      "detail": "REPORT.md",
      "status": "PASS"
    },
    {
      "check_id": "report_status:REPORT_JA.md",
      "detail": "REPORT_JA.md",
      "status": "PASS"
    },
    {
      "check_id": "report_boundary:REPORT_JA.md",
      "detail": "REPORT_JA.md",
      "status": "PASS"
    },
    {
      "check_id": "CLEAN_REPRO_SCHEMA",
      "detail": "semantic=True; bytes=True",
      "status": "PASS"
    },
    {
      "check_id": "upstream_bytes_not_redistributed",
      "detail": "public inputs remain separately distributed",
      "status": "PASS"
    },
    {
      "check_id": "no_symlinks",
      "detail": "none",
      "status": "PASS"
    },
    {
      "check_id": "UNIT_TESTS",
      "detail": "13/13 PASS",
      "status": "PASS"
    },
    {
      "check_id": "RECORD_MODE_SCOPE",
      "detail": "regression test covers the two authorized closure-record files",
      "status": "PASS"
    },
    {
      "check_id": "execution_stderr",
      "detail": "empty",
      "status": "PASS"
    },
    {
      "check_id": "stored_unit_test_record",
      "detail": "closure-time unit-test log",
      "status": "PASS"
    },
    {
      "check_id": "stored_closure_verification_record",
      "detail": "pre-manifest closure record",
      "status": "PASS"
    },
    {
      "check_id": "MANIFEST_AND_SHA256",
      "detail": "51 manifested files",
      "status": "PASS"
    },
    {
      "check_id": "READ_ONLY_VERIFIER",
      "detail": "tracked file list, byte counts, and SHA-256 values unchanged",
      "status": "PASS"
    }
  ],
  "fail_count": 0,
  "manifest_checked": true,
  "pass_count": 47,
  "scientific_status": "AUDIT_COMPLETE_LOW_CHI2_LOCALIZED_TO_DUPLICATE_NAME_CONTRASTS",
  "status": "PASS",
  "verification_scope": "LIVE_READ_ONLY_COMPLETE"
}
