Phase 1D isolated clean reproduction
source package copied without prior results or manifests
run_audit.py: exit=0 stdout={"release_sufficiency_classification": "PUBLIC_RELEASE_PARTIAL_MEASUREMENT_LINEAGE", "status": "AUDIT_COMPLETE_SHARED_DEPENDENCY_AND_LINEAGE_CLASSIFIED"}
independent_verify.py: exit=0 stdout={"status": "PASS"}
run_posthoc_cid_only_crosswalk.py: exit=0 stdout={"promotion_status": "POSTHOC_ONLY_NO_MAIN_RESULT_CHANGE", "status": "POSTHOC_DIAGNOSTIC_COMPLETE"}
verify_posthoc_cid_only_crosswalk.py: exit=0 stdout={"status": "PASS"}
byte_identity EXECUTION_STATUS.json: True
byte_identity audit_summary.json: True
byte_identity candidate_file_evidence.tsv: True
byte_identity contract_verification.json: True
byte_identity group_lineage.tsv: True
byte_identity independent_verification.json: True
byte_identity input_inventory.json: True
byte_identity pair_observation_overlap.tsv: True
byte_identity photometry_scan_summary.json: True
byte_identity pipeline_anchor_evidence.tsv: True
byte_identity posthoc_cid_only_candidate_files.tsv: True
byte_identity posthoc_cid_only_crosswalk_diagnostic.tsv: True
byte_identity posthoc_cid_only_crosswalk_independent_verification.json: True
byte_identity posthoc_cid_only_crosswalk_summary.json: True
byte_identity referenced_asset_availability.tsv: True
byte_identity row_lineage.tsv: True
byte_identity run_environment.json: True
byte_identity shared_dependency_ledger.tsv: True
byte_identity source_verification.json: True
