$ /workspace/scratch/e688ee23bbb8/h0dn-full-clean-reproduction/work/.venv/bin/python -m venv /workspace/scratch/e688ee23bbb8/h0dn-snia-phase0-clean-reproduction-02/.venv
[exit 0]
$ /workspace/scratch/e688ee23bbb8/h0dn-snia-phase0-clean-reproduction-02/.venv/bin/python -m pip install --disable-pip-version-check -r /workspace/scratch/e688ee23bbb8/h0dn-snia-phase0-clean-reproduction-02/audit/requirements-lock.txt
Collecting numpy==2.4.2 (from -r /workspace/scratch/e688ee23bbb8/h0dn-snia-phase0-clean-reproduction-02/audit/requirements-lock.txt (line 1))
  Downloading numpy-2.4.2-cp312-cp312-manylinux_2_27_x86_64.manylinux_2_28_x86_64.whl.metadata (6.6 kB)
Collecting scipy==1.17.0 (from -r /workspace/scratch/e688ee23bbb8/h0dn-snia-phase0-clean-reproduction-02/audit/requirements-lock.txt (line 2))
  Downloading scipy-1.17.0-cp312-cp312-manylinux_2_27_x86_64.manylinux_2_28_x86_64.whl.metadata (62 kB)
Collecting pandas==3.0.0 (from -r /workspace/scratch/e688ee23bbb8/h0dn-snia-phase0-clean-reproduction-02/audit/requirements-lock.txt (line 3))
  Downloading pandas-3.0.0-cp312-cp312-manylinux_2_24_x86_64.manylinux_2_28_x86_64.whl.metadata (79 kB)
Collecting python-dateutil==2.9.0.post0 (from -r /workspace/scratch/e688ee23bbb8/h0dn-snia-phase0-clean-reproduction-02/audit/requirements-lock.txt (line 4))
  Downloading python_dateutil-2.9.0.post0-py2.py3-none-any.whl.metadata (8.4 kB)
Collecting six==1.17.0 (from -r /workspace/scratch/e688ee23bbb8/h0dn-snia-phase0-clean-reproduction-02/audit/requirements-lock.txt (line 5))
  Downloading six-1.17.0-py2.py3-none-any.whl.metadata (1.7 kB)
Downloading numpy-2.4.2-cp312-cp312-manylinux_2_27_x86_64.manylinux_2_28_x86_64.whl (16.6 MB)
   ━━━━━━━━━━━━━━━━━━━━━━━━━━━━━━━━━━━━━━━━ 16.6/16.6 MB 129.0 MB/s eta 0:00:00
Downloading scipy-1.17.0-cp312-cp312-manylinux_2_27_x86_64.manylinux_2_28_x86_64.whl (35.0 MB)
   ━━━━━━━━━━━━━━━━━━━━━━━━━━━━━━━━━━━━━━━━ 35.0/35.0 MB 123.2 MB/s eta 0:00:00
Downloading pandas-3.0.0-cp312-cp312-manylinux_2_24_x86_64.manylinux_2_28_x86_64.whl (10.9 MB)
   ━━━━━━━━━━━━━━━━━━━━━━━━━━━━━━━━━━━━━━━━ 10.9/10.9 MB 112.8 MB/s eta 0:00:00
Downloading python_dateutil-2.9.0.post0-py2.py3-none-any.whl (229 kB)
Downloading six-1.17.0-py2.py3-none-any.whl (11 kB)
Installing collected packages: six, numpy, scipy, python-dateutil, pandas
Successfully installed numpy-2.4.2 pandas-3.0.0 python-dateutil-2.9.0.post0 scipy-1.17.0 six-1.17.0
[exit 0]
$ /workspace/scratch/e688ee23bbb8/h0dn-snia-phase0-clean-reproduction-02/.venv/bin/python -c import numpy,scipy,pandas;print(numpy.__version__,scipy.__version__,pandas.__version__)
2.4.2 1.17.0 3.0.0
[exit 0]
$ /workspace/scratch/e688ee23bbb8/h0dn-snia-phase0-clean-reproduction-02/.venv/bin/python scripts/acquire_upstream.py --destination /workspace/scratch/e688ee23bbb8/h0dn-snia-phase0-clean-reproduction-02/H0DN_CLEAN
PASS: frozen H0DN source acquired at cc0a4b9f36e65470d514f254a3c5cffa463fbd94 (69 files)
Cloning into '/workspace/scratch/e688ee23bbb8/h0dn-snia-phase0-clean-reproduction-02/H0DN_CLEAN'...
From https://github.com/StefCas789/H0DN
 * branch            cc0a4b9f36e65470d514f254a3c5cffa463fbd94 -> FETCH_HEAD
HEAD is now at cc0a4b9 Readme update
[exit 0]
$ /workspace/scratch/e688ee23bbb8/h0dn-snia-phase0-clean-reproduction-02/.venv/bin/python scripts/run_phase0.py --upstream /workspace/scratch/e688ee23bbb8/h0dn-snia-phase0-clean-reproduction-02/H0DN_CLEAN
PASS_EXACT_SUFFICIENCY_FOR_FROZEN_LINEAR_MODEL: 277 objects; a_B=0.716383421095462 ± 0.001892641639181; profile max=3.553e-13; expanded parameter max=7.816e-14
[exit 0]
$ /workspace/scratch/e688ee23bbb8/h0dn-snia-phase0-clean-reproduction-02/.venv/bin/python -m unittest discover -s tests -v
test_cholesky_and_inverse_crosscheck (test_phase0lib.InterceptTests.test_cholesky_and_inverse_crosscheck) ... ok
test_correlations_change_the_fit_but_not_identity (test_phase0lib.InterceptTests.test_correlations_change_the_fit_but_not_identity) ... ok
test_full_profile_equals_scalar_profile (test_phase0lib.InterceptTests.test_full_profile_equals_scalar_profile) ... ok
test_blockwise_solver_matches_full_solver (test_phase0lib.NetworkEmbeddingTests.test_blockwise_solver_matches_full_solver) ... ok
test_full_block_and_scalar_have_same_normal_equations (test_phase0lib.NetworkEmbeddingTests.test_full_block_and_scalar_have_same_normal_equations) ... ok
test_nonzero_link_cross_covariance_is_rejected (test_phase0lib.NetworkEmbeddingTests.test_nonzero_link_cross_covariance_is_rejected) ... ok
test_all_pass_resolves_to_frozen_pass_status (test_phase0lib.StatusTests.test_all_pass_resolves_to_frozen_pass_status) ... ok
test_profile_failure_resolves_to_hold (test_phase0lib.StatusTests.test_profile_failure_resolves_to_hold) ... ok

----------------------------------------------------------------------
Ran 8 tests in 0.004s

OK
[exit 0]
$ /workspace/scratch/e688ee23bbb8/h0dn-snia-phase0-clean-reproduction-02/.venv/bin/python scripts/verify_results.py --upstream /workspace/scratch/e688ee23bbb8/h0dn-snia-phase0-clean-reproduction-02/H0DN_CLEAN --skip-package-integrity --skip-clean-record --no-write-summary
PASS: contract_freeze: frozen contract and one disclosed non-scientific amendment
PASS: strict_json: 10 strict JSON files
PASS: authoritative_execution: authoritative status and 14/14 scientific gates
PASS: input_and_intercept: 277-row input, SPD covariance, alpha reconstruction
PASS: compression_profile_schema: 11 fixed profile points; max residual 3.553e-13
PASS: network_embedding_closure: all parameters/covariances, normal equations, chi2, rank/dof, and blockwise solver
PASS: permutation_schema: 16 fixed-seed permutations; max difference 3.908e-12
PASS: report_and_scientific_boundary: generated report hashes and scientific non-claim boundary
PASS: authorship_and_disclosure: Keiji Yoshimura authorship, CFF, license, AI disclosure
PASS: delivery_identity: H0DN-SNIA-COMP-0.1.0-PHASE0-FINAL-20260730-01
PASS: no_upstream_bytes: 39 delivered files checked against 69 upstream hashes
PASS: root_closure: project and result allowlists
PASS: unit_tests: 8 unit tests
SKIP: clean_reproduction_record: explicitly skipped for an in-progress clean-room copy
PASS: live_upstream_source_lock: 69 frozen upstream files
SKIP: package_integrity: explicitly skipped before manifest finalization
OVERALL: PASS_WITH_PENDING_GATES
[exit 0]
CLEAN_REPRODUCTION_PASS: PASS_EXACT_SUFFICIENCY_FOR_FROZEN_LINEAR_MODEL
